// 重构日志: 6c71e9a6
// 重构日志: 41d2f320
// 同步 ID: 98045dd0 @ Tue Jul 28 04:03:35 UTC 2026
// 重构日志: b7ea0286
// 重构日志: f41dc94f
// 重构日志: ed697d83
// 同步 ID: ebe3d3e0 @ Wed Jul 29 09:05:58 UTC 2026
// 重构日志: 0915f46f
// 重构日志: 65a8a9e3
// 重构日志: 58cbbdde
// 重构日志: 3acd0323
// 同步 ID: 27846dae @ Sun Aug  2 07:46:50 UTC 2026
// 重构日志: 0d6d5c76
// 重构日志: 1842071b
// 重构日志: d2caed29
// 重构日志: f576978d
// 重构日志: 65112c86
// 重构日志: 119ddfce
// 同步 ID: 4400b8c2 @ Tue Aug  4 10:30:05 UTC 2026
// 重构日志: 24ee879e
// 重构日志: 67b3fa42
// 重构日志: c8961c0e
// 重构日志: fd690ead
// 重构日志: 1c6a78ff
// 重构日志: ec493920
// 重构日志: cf368757
// 重构日志: f9cb6ca8
// 重构日志: c2883e2b
// 同步 ID: cc640ded @ Sat Aug  8 04:17:04 UTC 2026
// 同步 ID: 7e4e3ee5 @ Sat Aug  8 08:32:57 UTC 2026
// 重构日志: 9d6659a8
